Flow report for jop
Tue Apr 29 14:44:22 2014
Quartus II 64-Bit Version 10.0 Build 218 06/27/2010 SJ Web Edition


---------------------
; Table of Contents ;
---------------------
  1. Legal Notice
  2. Flow Summary
  3. Flow Settings
  4. Flow Non-Default Global Settings
  5. Flow Elapsed Time
  6. Flow OS Summary
  7. Flow Log



----------------
; Legal Notice ;
----------------
Copyright (C) 1991-2010 Altera Corporation
Your use of Altera Corporation's design tools, logic functions 
and other software and tools, and its AMPP partner logic 
functions, and any output files from any of the foregoing 
(including device programming or simulation files), and any 
associated documentation or information are expressly subject 
to the terms and conditions of the Altera Program License 
Subscription Agreement, Altera MegaCore Function License 
Agreement, or other applicable license agreement, including, 
without limitation, that your use is for the sole purpose of 
programming logic devices manufactured by Altera and sold by 
Altera or its authorized distributors.  Please refer to the 
applicable agreement for further details.



+-------------------------------------------------------------------------------+
; Flow Summary                                                                  ;
+------------------------------------+------------------------------------------+
; Flow Status                        ; Successful - Tue Apr 29 14:44:14 2014    ;
; Quartus II 64-Bit Version          ; 10.0 Build 218 06/27/2010 SJ Web Edition ;
; Revision Name                      ; jop                                      ;
; Top-level Entity Name              ; jop                                      ;
; Family                             ; Cyclone II                               ;
; Device                             ; EP2C70F896C6                             ;
; Timing Models                      ; Final                                    ;
; Met timing requirements            ; N/A                                      ;
; Total logic elements               ; 5,514 / 68,416 ( 8 % )                   ;
;     Total combinational functions  ; 5,293 / 68,416 ( 8 % )                   ;
;     Dedicated logic registers      ; 1,747 / 68,416 ( 3 % )                   ;
; Total registers                    ; 1836                                     ;
; Total pins                         ; 107 / 622 ( 17 % )                       ;
; Total virtual pins                 ; 0                                        ;
; Total memory bits                  ; 66,560 / 1,152,000 ( 6 % )               ;
; Embedded Multiplier 9-bit elements ; 0 / 300 ( 0 % )                          ;
; Total PLLs                         ; 1 / 4 ( 25 % )                           ;
+------------------------------------+------------------------------------------+


+-----------------------------------------+
; Flow Settings                           ;
+-------------------+---------------------+
; Option            ; Setting             ;
+-------------------+---------------------+
; Start date & time ; 04/29/2014 14:42:34 ;
; Main task         ; Compilation         ;
; Revision Name     ; jop                 ;
+-------------------+---------------------+


+--------------------------------------------------------------------------------------------------------------------+
; Flow Non-Default Global Settings                                                                                   ;
+-------------------------------------+---------------------------------+---------------+-------------+--------------+
; Assignment Name                     ; Value                           ; Default Value ; Entity Name ; Section Id   ;
+-------------------------------------+---------------------------------+---------------+-------------+--------------+
; COMPILER_SIGNATURE_ID               ; 110865360429823.139877535406824 ; --            ; --          ; --           ;
; CYCLONE_OPTIMIZATION_TECHNIQUE      ; Speed                           ; Balanced      ; --          ; --           ;
; IGNORE_CLOCK_SETTINGS               ; On                              ; Off           ; --          ; --           ;
; MAX_CORE_JUNCTION_TEMP              ; 85                              ; --            ; --          ; --           ;
; MIN_CORE_JUNCTION_TEMP              ; 0                               ; --            ; --          ; --           ;
; OUTPUT_PIN_LOAD                     ; 5                               ; --            ; --          ; 3.3-V LVCMOS ;
; OUTPUT_PIN_LOAD                     ; 10                              ; --            ; --          ; 3.3-V PCI    ;
; OUTPUT_PIN_LOAD                     ; 10                              ; --            ; --          ; 3.3-V PCI-X  ;
; PARTITION_COLOR                     ; 2147039                         ; --            ; --          ; Top          ;
; PARTITION_FITTER_PRESERVATION_LEVEL ; PLACEMENT_AND_ROUTING           ; --            ; --          ; Top          ;
; PARTITION_NETLIST_TYPE              ; SOURCE                          ; --            ; --          ; Top          ;
; TCO_REQUIREMENT                     ; 10 ns                           ; --            ; --          ; --           ;
; TSU_REQUIREMENT                     ; 5 ns                            ; --            ; --          ; --           ;
+-------------------------------------+---------------------------------+---------------+-------------+--------------+


+-------------------------------------------------------------------------------------------------------------------------------+
; Flow Elapsed Time                                                                                                             ;
+---------------------------+--------------+-------------------------+---------------------+------------------------------------+
; Module Name               ; Elapsed Time ; Average Processors Used ; Peak Virtual Memory ; Total CPU Time (on all processors) ;
+---------------------------+--------------+-------------------------+---------------------+------------------------------------+
; Analysis & Synthesis      ; 00:00:43     ; 1.0                     ; 405 MB              ; 00:00:38                           ;
; Fitter                    ; 00:00:51     ; 1.0                     ; 540 MB              ; 00:00:49                           ;
; Assembler                 ; 00:00:04     ; 1.0                     ; 453 MB              ; 00:00:04                           ;
; TimeQuest Timing Analyzer ; 00:00:07     ; 1.0                     ; 412 MB              ; 00:00:07                           ;
; Total                     ; 00:01:45     ; --                      ; --                  ; 00:01:38                           ;
+---------------------------+--------------+-------------------------+---------------------+------------------------------------+


+--------------------------------------------------------------------------------------------+
; Flow OS Summary                                                                            ;
+---------------------------+------------------+---------------+------------+----------------+
; Module Name               ; Machine Hostname ; OS Name       ; OS Version ; Processor type ;
+---------------------------+------------------+---------------+------------+----------------+
; Analysis & Synthesis      ; Jorge-PC         ; Windows Vista ; 6.1        ; x86_64         ;
; Fitter                    ; Jorge-PC         ; Windows Vista ; 6.1        ; x86_64         ;
; Assembler                 ; Jorge-PC         ; Windows Vista ; 6.1        ; x86_64         ;
; TimeQuest Timing Analyzer ; Jorge-PC         ; Windows Vista ; 6.1        ; x86_64         ;
+---------------------------+------------------+---------------+------------+----------------+


------------
; Flow Log ;
------------
quartus_map quartus/altde2-70/jop
quartus_fit quartus/altde2-70/jop
quartus_asm quartus/altde2-70/jop
quartus_sta quartus/altde2-70/jop



